// Jest Snapshot v1, https://goo.gl/fbAQLP

exports[`infrastructure > RepositoryMap When importing repository map then should match snapshot 1`] = `
{
  "class IUserRepository extends IRepository_js_1.IRepository {
}": UserRepository {
    "_mockedDB": {
      "getUsers": [Function],
    },
  },
}
`;
